// Jest Snapshot v1, https://goo.gl/fbAQLP

exports[`footer snapshot Comprobar ui del componente footer 1`] = `
<div
  className="Footer ddd"
>
  <p
    className="Footer-title"
  >
    Platzi Store
  </p>
  <p
    className="Footer-copy"
  >
    Todos los Izquierdos Reservados
  </p>
</div>
`;
